// Jest Snapshot v1, https://goo.gl/fbAQLP

exports[`card test matches the snapshot 1`] = `
<div
  className="sc-bdnyFh kzDKXh"
>
  <div
    className="sc-gtsqUy gfsRFW"
  >
    Test Heading
  </div>
  <div
    className="sc-dlniIP bLlMqe"
  >
    Test Body
  </div>
  <img
    alt="Test Image"
    className="sc-hKFymg iIxIsR"
    src="https://example.com/test.jpg"
  />
  <div
    className="sc-eCAqax hyemUz"
  >
    Test Footer
  </div>
</div>
`;
